File: A First Course in Linear Algebra__58__ (Beta Version)-no-dups.mmls
Line: 0
Input: 
Error: A process in the process pool was terminated abruptly while the future was running or pending.

File: A First Course in Linear Algebra__58__ (Beta Version).mmls
Line: 0
Input: 
Error: A process in the process pool was terminated abruptly while the future was running or pending.

File: A Second Course in Linear Algebra-no-dups.mmls
Line: 0
Input: 
Error: A process in the process pool was terminated abruptly while the future was running or pending.

File: A Second Course in Linear Algebra.mmls
Line: 0
Input: 
Error: A process in the process pool was terminated abruptly while the future was running or pending.

File: Abstract Algebra Refresher__58__ Review, Amplification, Examples-no-dups.mmls
Line: 0
Input: 
Error: A process in the process pool was terminated abruptly while the future was running or pending.

File: Abstract Algebra Refresher__58__ Review, Amplification, Examples.mmls
Line: 0
Input: 
Error: A process in the process pool was terminated abruptly while the future was running or pending.

File: Abstract Algebra__58__ Theory and Applications-no-dups.mmls
Line: 0
Input: 
Error: A process in the process pool was terminated abruptly while the future was running or pending.

File: Abstract Algebra__58__ Theory and Applications.mmls
Line: 0
Input: 
Error: A process in the process pool was terminated abruptly while the future was running or pending.

File: Active Calculus - Multivariable-no-dups.mmls
Line: 0
Input: 
Error: A process in the process pool was terminated abruptly while the future was running or pending.

File: Active Calculus - Multivariable.mmls
Line: 0
Input: 
Error: A process in the process pool was terminated abruptly while the future was running or pending.

File: Active Calculus-no-dups.mmls
Line: 0
Input: 
Error: A process in the process pool was terminated abruptly while the future was running or pending.

File: Active Calculus.mmls
Line: 0
Input: 
Error: A process in the process pool was terminated abruptly while the future was running or pending.

File: An IBL Introduction to Geometries-no-dups.mmls
Line: 0
Input: 
Error: A process in the process pool was terminated abruptly while the future was running or pending.

File: An IBL Introduction to Geometries.mmls
Line: 0
Input: 
Error: A process in the process pool was terminated abruptly while the future was running or pending.

File: An Inquiry Based Introduction to Linear Algebra-no-dups.mmls
Line: 0
Input: 
Error: A process in the process pool was terminated abruptly while the future was running or pending.

File: An Inquiry Based Introduction to Linear Algebra.mmls
Line: 0
Input: 
Error: A process in the process pool was terminated abruptly while the future was running or pending.

File: Applied Combinatorics-no-dups.mmls
Line: 0
Input: 
Error: A process in the process pool was terminated abruptly while the future was running or pending.

File: Applied Combinatorics.mmls
Line: 0
Input: 
Error: A process in the process pool was terminated abruptly while the future was running or pending.

File: Applied Discrete Structures-no-dups.mmls
Line: 0
Input: 
Error: A process in the process pool was terminated abruptly while the future was running or pending.

File: Applied Discrete Structures.mmls
Line: 0
Input: 
Error: A process in the process pool was terminated abruptly while the future was running or pending.

File: Business Calculus with Excel-no-dups.mmls
Line: 0
Input: 
Error: A process in the process pool was terminated abruptly while the future was running or pending.

File: Business Calculus with Excel.mmls
Line: 0
Input: 
Error: A process in the process pool was terminated abruptly while the future was running or pending.

File: CLP-1 Differential Calculus-no-dups.mmls
Line: 0
Input: 
Error: A process in the process pool was terminated abruptly while the future was running or pending.

File: CLP-1 Differential Calculus.mmls
Line: 0
Input: 
Error: A process in the process pool was terminated abruptly while the future was running or pending.

File: CLP-2 Integral Calculus-no-dups.mmls
Line: 0
Input: 
Error: A process in the process pool was terminated abruptly while the future was running or pending.

File: CLP-2 Integral Calculus.mmls
Line: 0
Input: 
Error: A process in the process pool was terminated abruptly while the future was running or pending.

File: CLP-3 Multivariable Calculus-no-dups.mmls
Line: 0
Input: 
Error: A process in the process pool was terminated abruptly while the future was running or pending.

File: CLP-3 Multivariable Calculus.mmls
Line: 0
Input: 
Error: A process in the process pool was terminated abruptly while the future was running or pending.

File: CLP-4 Vector Calculus-no-dups.mmls
Line: 0
Input: 
Error: A process in the process pool was terminated abruptly while the future was running or pending.

File: CLP-4 Vector Calculus.mmls
Line: 0
Input: 
Error: A process in the process pool was terminated abruptly while the future was running or pending.

File: Combinatorics Through Guided Discovery-no-dups.mmls
Line: 0
Input: 
Error: A process in the process pool was terminated abruptly while the future was running or pending.

File: Combinatorics Through Guided Discovery.mmls
Line: 0
Input: 
Error: A process in the process pool was terminated abruptly while the future was running or pending.

File: Discover Linear Algebra-no-dups.mmls
Line: 0
Input: 
Error: A process in the process pool was terminated abruptly while the future was running or pending.

File: Discover Linear Algebra.mmls
Line: 0
Input: 
Error: A process in the process pool was terminated abruptly while the future was running or pending.

File: Discrete Math for Shockers-no-dups.mmls
Line: 0
Input: 
Error: A process in the process pool was terminated abruptly while the future was running or pending.

File: Discrete Math for Shockers.mmls
Line: 0
Input: 
Error: A process in the process pool was terminated abruptly while the future was running or pending.

File: Discrete Mathematics for Computer Science-no-dups.mmls
Line: 0
Input: 
Error: A process in the process pool was terminated abruptly while the future was running or pending.

File: Discrete Mathematics for Computer Science.mmls
Line: 0
Input: 
Error: A process in the process pool was terminated abruptly while the future was running or pending.

File: Discrete Mathematics__58__ An Active Approach to Mathematical Reasoning-no-dups.mmls
Line: 0
Input: 
Error: A process in the process pool was terminated abruptly while the future was running or pending.

File: Discrete Mathematics__58__ An Active Approach to Mathematical Reasoning.mmls
Line: 0
Input: 
Error: A process in the process pool was terminated abruptly while the future was running or pending.

File: Discrete Mathematics__58__ An Open Introduction, 4th edition-no-dups.mmls
Line: 0
Input: 
Error: A process in the process pool was terminated abruptly while the future was running or pending.

File: Discrete Mathematics__58__ An Open Introduction, 4th edition.mmls
Line: 0
Input: 
Error: A process in the process pool was terminated abruptly while the future was running or pending.

File: Elementary Foundations__58__ An introduction to topics in discrete mathematics-no-dups.mmls
Line: 0
Input: 
Error: A process in the process pool was terminated abruptly while the future was running or pending.

File: Elementary Foundations__58__ An introduction to topics in discrete mathematics.mmls
Line: 0
Input: 
Error: A process in the process pool was terminated abruptly while the future was running or pending.

File: Engineering Statics__58__ Open and Interactive-no-dups.mmls
Line: 0
Input: 
Error: A process in the process pool was terminated abruptly while the future was running or pending.

File: Engineering Statics__58__ Open and Interactive.mmls
Line: 0
Input: 
Error: A process in the process pool was terminated abruptly while the future was running or pending.

File: Explorations in Algebraic Graph Theory with Sage-no-dups.mmls
Line: 0
Input: 
Error: A process in the process pool was terminated abruptly while the future was running or pending.

File: Explorations in Algebraic Graph Theory with Sage.mmls
Line: 0
Input: 
Error: A process in the process pool was terminated abruptly while the future was running or pending.

File: Exploring Combinatorial Mathematics-no-dups.mmls
Line: 0
Input: 
Error: A process in the process pool was terminated abruptly while the future was running or pending.

File: Exploring Combinatorial Mathematics.mmls
Line: 0
Input: 
Error: A process in the process pool was terminated abruptly while the future was running or pending.

File: Geometry with an Introduction to Cosmic Topology-no-dups.mmls
Line: 0
Input: 
Error: A process in the process pool was terminated abruptly while the future was running or pending.

File: Geometry with an Introduction to Cosmic Topology.mmls
Line: 0
Input: 
Error: A process in the process pool was terminated abruptly while the future was running or pending.

File: Intro to Topology-no-dups.mmls
Line: 0
Input: 
Error: A process in the process pool was terminated abruptly while the future was running or pending.

File: Intro to Topology.mmls
Line: 0
Input: 
Error: A process in the process pool was terminated abruptly while the future was running or pending.

File: Introduction to Game Theory__58__ a Discovery Approach-no-dups.mmls
Line: 0
Input: 
Error: A process in the process pool was terminated abruptly while the future was running or pending.

File: Introduction to Game Theory__58__ a Discovery Approach.mmls
Line: 0
Input: 
Error: A process in the process pool was terminated abruptly while the future was running or pending.

File: Introduction to Groups and Geometries-no-dups.mmls
Line: 0
Input: 
Error: A process in the process pool was terminated abruptly while the future was running or pending.

File: Introduction to Groups and Geometries.mmls
Line: 0
Input: 
Error: A process in the process pool was terminated abruptly while the future was running or pending.

File: Introduction to Proofs__58__ An Active Exploration of Mathematical Language-no-dups.mmls
Line: 0
Input: 
Error: A process in the process pool was terminated abruptly while the future was running or pending.

File: Introduction to Proofs__58__ An Active Exploration of Mathematical Language.mmls
Line: 0
Input: 
Error: A process in the process pool was terminated abruptly while the future was running or pending.

File: Linear Algebra Companion__58__ A supplement to undergraduate linear algebra enhanced by computation-no-dups.mmls
Line: 0
Input: 
Error: A process in the process pool was terminated abruptly while the future was running or pending.

File: Linear Algebra Companion__58__ A supplement to undergraduate linear algebra enhanced by computation.mmls
Line: 0
Input: 
Error: A process in the process pool was terminated abruptly while the future was running or pending.

File: Linear Algebra Refresher__58__ Review, Amplification, Examples-no-dups.mmls
Line: 0
Input: 
Error: A process in the process pool was terminated abruptly while the future was running or pending.

File: Linear Algebra Refresher__58__ Review, Amplification, Examples.mmls
Line: 0
Input: 
Error: A process in the process pool was terminated abruptly while the future was running or pending.

File: Linear Algebra__58__ A second course, featuring proofs and Python-no-dups.mmls
Line: 0
Input: 
Error: A process in the process pool was terminated abruptly while the future was running or pending.

File: Linear Algebra__58__ A second course, featuring proofs and Python.mmls
Line: 0
Input: 
Error: A process in the process pool was terminated abruptly while the future was running or pending.

File: Math 1220 Linear Algebra-no-dups.mmls
Line: 0
Input: 
Error: A process in the process pool was terminated abruptly while the future was running or pending.

File: Math 1220 Linear Algebra.mmls
Line: 0
Input: 
Error: A process in the process pool was terminated abruptly while the future was running or pending.

File: MATH 340 Notes-no-dups.mmls
Line: 0
Input: 
Error: A process in the process pool was terminated abruptly while the future was running or pending.

File: MATH 340 Notes.mmls
Line: 0
Input: 
Error: A process in the process pool was terminated abruptly while the future was running or pending.

File: MODELS OF NON-EUCLIDEAN GEOMETRY-no-dups.mmls
Line: 0
Input: 
Error: A process in the process pool was terminated abruptly while the future was running or pending.

File: MODELS OF NON-EUCLIDEAN GEOMETRY.mmls
Line: 0
Input: 
Error: A process in the process pool was terminated abruptly while the future was running or pending.

File: nordstrom-game-theory-no-dups.mmls
Line: 0
Input: 
Error: A process in the process pool was terminated abruptly while the future was running or pending.

File: nordstrom-game-theory.mmls
Line: 0
Input: 
Error: A process in the process pool was terminated abruptly while the future was running or pending.

File: Notes on Diffy Qs__58__ Differential Equations for Engineers-no-dups.mmls
Line: 0
Input: 
Error: A process in the process pool was terminated abruptly while the future was running or pending.

File: Notes on Diffy Qs__58__ Differential Equations for Engineers.mmls
Line: 0
Input: 
Error: A process in the process pool was terminated abruptly while the future was running or pending.

File: Number Theory__58__ In Context and Interactive-no-dups.mmls
Line: 0
Input: 
Error: A process in the process pool was terminated abruptly while the future was running or pending.

File: Number Theory__58__ In Context and Interactive.mmls
Line: 0
Input: 
Error: A process in the process pool was terminated abruptly while the future was running or pending.

File: Open Resources for Community College Algebra-no-dups.mmls
Line: 0
Input: 
Error: A process in the process pool was terminated abruptly while the future was running or pending.

File: Open Resources for Community College Algebra.mmls
Line: 0
Input: 
Error: A process in the process pool was terminated abruptly while the future was running or pending.

File: PCC SLC Math Resources-no-dups.mmls
Line: 0
Input: 
Error: A process in the process pool was terminated abruptly while the future was running or pending.

File: PCC SLC Math Resources.mmls
Line: 0
Input: 
Error: A process in the process pool was terminated abruptly while the future was running or pending.

File: PLP__58__ An introduction to mathematical proof-no-dups.mmls
Line: 0
Input: 
Error: A process in the process pool was terminated abruptly while the future was running or pending.

File: PLP__58__ An introduction to mathematical proof.mmls
Line: 0
Input: 
Error: A process in the process pool was terminated abruptly while the future was running or pending.

File: Rings with Inquiry__58__ An inquiry-oriented introduction to ring theory.-no-dups.mmls
Line: 0
Input: 
Error: A process in the process pool was terminated abruptly while the future was running or pending.

File: Rings with Inquiry__58__ An inquiry-oriented introduction to ring theory..mmls
Line: 0
Input: 
Error: A process in the process pool was terminated abruptly while the future was running or pending.

File: TBIL Activities for Understanding Linear Algebra-no-dups.mmls
Line: 0
Input: 
Error: A process in the process pool was terminated abruptly while the future was running or pending.

File: TBIL Activities for Understanding Linear Algebra.mmls
Line: 0
Input: 
Error: A process in the process pool was terminated abruptly while the future was running or pending.

File: The Ordinary Differential Equations Project-no-dups.mmls
Line: 0
Input: 
Error: A process in the process pool was terminated abruptly while the future was running or pending.

File: The Ordinary Differential Equations Project.mmls
Line: 0
Input: 
Error: A process in the process pool was terminated abruptly while the future was running or pending.

File: Understanding Linear Algebra-no-dups.mmls
Line: 0
Input: 
Error: A process in the process pool was terminated abruptly while the future was running or pending.

File: Understanding Linear Algebra.mmls
Line: 0
Input: 
Error: A process in the process pool was terminated abruptly while the future was running or pending.

